adk-cue,1,0,0,initialized,-,-,ok
adk-cue,1,1,0,review-started,-,-,ok
adk-cue,1,2,1,run-requested,-,-,ok
adk-cue,1,3,1,confirmation-requested,3,0,ok
adk-cue,1,4,2,confirmed,3,0,ok
adk-cue,1,5,2,cue-shown,3,0,ok
adk-cue,1,6,12,cue-hidden,3,0,ok
adk-cue,1,7,21,confirmation-requested,7,1,ok
adk-cue,1,8,22,confirmed,7,1,ok
adk-cue,1,9,22,cue-shown,7,1,ok
adk-cue,1,10,32,cue-hidden,7,1,ok
adk-cue,1,11,32,completed,-,-,ok
adk-cue,1,12,32,shutdown,-,-,ok
